mode: set
github.com/advanced-dada-system/ads/internal/config/config.go:11.39,13.19 2 1
github.com/advanced-dada-system/ads/internal/config/config.go:13.19,15.17 2 0
github.com/advanced-dada-system/ads/internal/config/config.go:15.17,17.4 1 0
github.com/advanced-dada-system/ads/internal/config/config.go:18.3,18.54 1 0
github.com/advanced-dada-system/ads/internal/config/config.go:21.2,22.50 2 1
github.com/advanced-dada-system/ads/internal/config/config.go:22.50,24.3 1 0
github.com/advanced-dada-system/ads/internal/config/config.go:26.2,26.20 1 1
github.com/advanced-dada-system/ads/internal/config/config.go:33.38,35.16 2 1
github.com/advanced-dada-system/ads/internal/config/config.go:35.16,37.3 1 0
github.com/advanced-dada-system/ads/internal/config/config.go:38.2,38.47 1 1
github.com/advanced-dada-system/ads/internal/config/config.go:41.36,43.16 2 1
github.com/advanced-dada-system/ads/internal/config/config.go:43.16,45.3 1 0
github.com/advanced-dada-system/ads/internal/config/config.go:47.2,48.16 2 1
github.com/advanced-dada-system/ads/internal/config/config.go:48.16,49.25 1 1
github.com/advanced-dada-system/ads/internal/config/config.go:49.25,51.4 1 1
github.com/advanced-dada-system/ads/internal/config/config.go:52.3,52.18 1 0
github.com/advanced-dada-system/ads/internal/config/config.go:55.2,56.51 2 1
github.com/advanced-dada-system/ads/internal/config/config.go:56.51,58.3 1 0
github.com/advanced-dada-system/ads/internal/config/config.go:60.2,60.18 1 1
github.com/advanced-dada-system/ads/internal/config/config.go:63.36,65.16 2 1
github.com/advanced-dada-system/ads/internal/config/config.go:65.16,67.3 1 0
github.com/advanced-dada-system/ads/internal/config/config.go:69.2,70.16 2 1
github.com/advanced-dada-system/ads/internal/config/config.go:70.16,72.3 1 0
github.com/advanced-dada-system/ads/internal/config/config.go:74.2,74.39 1 1
