mode: set
github.com/advanced-dada-system/ads/internal/meta/db.go:59.26,61.16 2 1
github.com/advanced-dada-system/ads/internal/meta/db.go:61.16,63.3 1 0
github.com/advanced-dada-system/ads/internal/meta/db.go:65.2,67.16 3 1
github.com/advanced-dada-system/ads/internal/meta/db.go:67.16,69.3 1 0
github.com/advanced-dada-system/ads/internal/meta/db.go:71.2,71.43 1 1
github.com/advanced-dada-system/ads/internal/meta/db.go:71.43,74.3 2 0
github.com/advanced-dada-system/ads/internal/meta/db.go:77.2,97.25 10 1
github.com/advanced-dada-system/ads/internal/meta/db.go:100.28,102.2 1 1
github.com/advanced-dada-system/ads/internal/meta/plugin.go:3.67,7.2 2 1
github.com/advanced-dada-system/ads/internal/meta/plugin.go:9.70,12.16 3 1
github.com/advanced-dada-system/ads/internal/meta/plugin.go:12.16,14.3 1 0
github.com/advanced-dada-system/ads/internal/meta/plugin.go:15.2,15.19 1 1
github.com/advanced-dada-system/ads/internal/meta/profile.go:17.58,21.2 3 1
github.com/advanced-dada-system/ads/internal/meta/profile.go:23.64,27.16 3 1
github.com/advanced-dada-system/ads/internal/meta/profile.go:27.16,28.27 1 0
github.com/advanced-dada-system/ads/internal/meta/profile.go:28.27,30.4 1 0
github.com/advanced-dada-system/ads/internal/meta/profile.go:31.3,31.61 1 0
github.com/advanced-dada-system/ads/internal/meta/profile.go:33.2,33.16 1 1
github.com/advanced-dada-system/ads/internal/meta/profile.go:36.97,38.16 2 1
github.com/advanced-dada-system/ads/internal/meta/profile.go:38.16,40.3 1 0
github.com/advanced-dada-system/ads/internal/meta/profile.go:41.2,41.12 1 1
github.com/advanced-dada-system/ads/internal/meta/profile.go:44.65,46.16 2 1
github.com/advanced-dada-system/ads/internal/meta/profile.go:46.16,48.3 1 0
github.com/advanced-dada-system/ads/internal/meta/profile.go:49.2,49.12 1 1
github.com/advanced-dada-system/ads/internal/meta/profile.go:52.47,54.16 2 1
github.com/advanced-dada-system/ads/internal/meta/profile.go:54.16,56.3 1 0
github.com/advanced-dada-system/ads/internal/meta/profile.go:57.2,57.12 1 1
github.com/advanced-dada-system/ads/internal/meta/profile.go:60.48,62.16 2 1
github.com/advanced-dada-system/ads/internal/meta/profile.go:62.16,64.3 1 0
github.com/advanced-dada-system/ads/internal/meta/profile.go:65.2,68.18 3 1
github.com/advanced-dada-system/ads/internal/meta/profile.go:68.18,70.102 2 1
github.com/advanced-dada-system/ads/internal/meta/profile.go:70.102,72.4 1 0
github.com/advanced-dada-system/ads/internal/meta/profile.go:73.3,73.33 1 1
github.com/advanced-dada-system/ads/internal/meta/profile.go:75.2,75.29 1 1
github.com/advanced-dada-system/ads/internal/meta/session.go:23.71,24.19 1 1
github.com/advanced-dada-system/ads/internal/meta/session.go:24.19,26.3 1 0
github.com/advanced-dada-system/ads/internal/meta/session.go:27.2,29.16 3 1
github.com/advanced-dada-system/ads/internal/meta/session.go:29.16,31.3 1 0
github.com/advanced-dada-system/ads/internal/meta/session.go:32.2,32.16 1 1
github.com/advanced-dada-system/ads/internal/meta/session.go:35.119,36.19 1 1
github.com/advanced-dada-system/ads/internal/meta/session.go:36.19,38.3 1 0
github.com/advanced-dada-system/ads/internal/meta/session.go:39.2,41.16 3 1
github.com/advanced-dada-system/ads/internal/meta/session.go:41.16,43.3 1 0
github.com/advanced-dada-system/ads/internal/meta/session.go:44.2,44.16 1 1
github.com/advanced-dada-system/ads/internal/meta/session.go:47.48,49.16 2 1
github.com/advanced-dada-system/ads/internal/meta/session.go:49.16,51.3 1 0
github.com/advanced-dada-system/ads/internal/meta/session.go:52.2,55.18 3 1
github.com/advanced-dada-system/ads/internal/meta/session.go:55.18,59.114 4 1
github.com/advanced-dada-system/ads/internal/meta/session.go:59.114,61.4 1 0
github.com/advanced-dada-system/ads/internal/meta/session.go:62.3,62.15 1 1
github.com/advanced-dada-system/ads/internal/meta/session.go:62.15,64.4 1 1
github.com/advanced-dada-system/ads/internal/meta/session.go:65.3,65.15 1 1
github.com/advanced-dada-system/ads/internal/meta/session.go:65.15,67.4 1 1
github.com/advanced-dada-system/ads/internal/meta/session.go:68.3,68.15 1 1
github.com/advanced-dada-system/ads/internal/meta/session.go:68.15,70.4 1 1
github.com/advanced-dada-system/ads/internal/meta/session.go:71.3,71.33 1 1
github.com/advanced-dada-system/ads/internal/meta/session.go:73.2,73.29 1 1
github.com/advanced-dada-system/ads/internal/meta/session.go:76.62,82.16 5 1
github.com/advanced-dada-system/ads/internal/meta/session.go:82.16,83.27 1 1
github.com/advanced-dada-system/ads/internal/meta/session.go:83.27,85.4 1 1
github.com/advanced-dada-system/ads/internal/meta/session.go:86.3,86.61 1 0
github.com/advanced-dada-system/ads/internal/meta/session.go:88.2,88.14 1 1
github.com/advanced-dada-system/ads/internal/meta/session.go:88.14,90.3 1 0
github.com/advanced-dada-system/ads/internal/meta/session.go:91.2,91.14 1 1
github.com/advanced-dada-system/ads/internal/meta/session.go:91.14,93.3 1 0
github.com/advanced-dada-system/ads/internal/meta/session.go:94.2,94.14 1 1
github.com/advanced-dada-system/ads/internal/meta/session.go:94.14,96.3 1 0
github.com/advanced-dada-system/ads/internal/meta/session.go:97.2,97.16 1 1
github.com/advanced-dada-system/ads/internal/meta/session.go:100.62,106.16 5 1
github.com/advanced-dada-system/ads/internal/meta/session.go:106.16,107.27 1 0
github.com/advanced-dada-system/ads/internal/meta/session.go:107.27,109.4 1 0
github.com/advanced-dada-system/ads/internal/meta/session.go:110.3,110.61 1 0
github.com/advanced-dada-system/ads/internal/meta/session.go:112.2,112.14 1 1
github.com/advanced-dada-system/ads/internal/meta/session.go:112.14,114.3 1 1
github.com/advanced-dada-system/ads/internal/meta/session.go:115.2,115.14 1 1
github.com/advanced-dada-system/ads/internal/meta/session.go:115.14,117.3 1 1
github.com/advanced-dada-system/ads/internal/meta/session.go:118.2,118.14 1 1
github.com/advanced-dada-system/ads/internal/meta/session.go:118.14,120.3 1 1
github.com/advanced-dada-system/ads/internal/meta/session.go:121.2,121.16 1 1
github.com/advanced-dada-system/ads/internal/meta/session.go:124.61,126.16 2 1
github.com/advanced-dada-system/ads/internal/meta/session.go:126.16,128.3 1 0
github.com/advanced-dada-system/ads/internal/meta/session.go:129.2,129.12 1 1
github.com/advanced-dada-system/ads/internal/meta/session.go:132.56,134.16 2 1
github.com/advanced-dada-system/ads/internal/meta/session.go:134.16,136.3 1 0
github.com/advanced-dada-system/ads/internal/meta/session.go:137.2,137.12 1 1
github.com/advanced-dada-system/ads/internal/meta/session.go:140.67,142.16 2 1
github.com/advanced-dada-system/ads/internal/meta/session.go:142.16,144.3 1 0
github.com/advanced-dada-system/ads/internal/meta/session.go:145.2,145.12 1 1
github.com/advanced-dada-system/ads/internal/meta/session.go:148.47,150.16 2 1
github.com/advanced-dada-system/ads/internal/meta/session.go:150.16,152.3 1 0
github.com/advanced-dada-system/ads/internal/meta/session.go:153.2,153.12 1 1
